­ƒÜÇ AISE Project - Comprehensive Test Suite
============================================================
Running all functionality tests...

­ƒôï Authentication System
   User registration, login, profile management
------------------------------------------------------------
­ƒÜÇ Starting Authentication System Tests...

­ƒº¬ Testing User Registration...
   Ô£à Valid registration successful
   Ô£à Duplicate username properly rejected
   Ô£à Invalid username (too short) properly rejected
   Ô£à Invalid password (too short) properly rejected

­ƒº¬ Testing User Authentication...
   Ô£à Valid login successful
      Token received: r7ly_9RQ4L4nTWD3hW3m...
   Ô£à Invalid credentials properly rejected
   Ô£à Session validation successful
   Ô£à Logout successful
   Ô£à Session properly invalidated after logout

­ƒº¬ Testing Profile Management...
   Ô£à Profile retrieval successful
      Username: test_435
      English Level: beginner
      Total Quizzes: 0
   Ô£à Username update successful
   Ô£à Password change successful

­ƒº¬ Testing Security Features...
   Ô£à Invalid token properly rejected
   Ô£à Missing authorization header properly handled
   Ô£à Malformed authorization header properly rejected

­ƒº╣ Cleaning up test users...
   Ô£à Deleted test user: upd_202

­ƒôè Authentication Test Results: 4/4 tests passed
­ƒÄë All authentication tests passed!

Ô£à PASSED - Authentication System (14.7s)

============================================================

­ƒôï Quiz Generation
   Adaptive quiz creation, topics, model health
------------------------------------------------------------
­ƒÜÇ Starting Quiz Generation Tests...

­ƒöº Setting up test user...
   Ô£à Test user created: quiz_943
   Ô£à Test user logged in successfully

­ƒº¬ Testing Quiz Topics Endpoint...
   Ô£à Quiz topics retrieved successfully
      Available topics: 5
      - Grammar: 5 subtopics
      - Vocabulary: 5 subtopics
      - Reading: 4 subtopics
   Ô£à All topics have required structure

­ƒº¬ Testing Adaptive Quiz Generation...
   Testing Grammar quiz...
      Ô£à Grammar quiz generated successfully (4 questions)
      Ô£à All questions have valid structure
   Testing Vocabulary quiz...
      Ô£à Vocabulary quiz generated successfully (4 questions)
      Ô£à All questions have valid structure
   Testing Mixed topic quiz...
      Ô£à Mixed topic quiz generated successfully (4 questions)
      Ô£à All questions have valid structure

­ƒº¬ Testing Quiz Generation with Previous Questions...
   Ô£à No question repetition detected
      Previous questions considered: 4

­ƒº¬ Testing Model Health and Info...
   Ô£à Model info retrieved successfully
      Current model: mistral:7b
      Base URL: http://ollama:11434
      Timeout: 180s
   Ô£à Model health check passed
      Status: healthy
      Message: Ollama is running and model is available

­ƒº¬ Testing User Profile Endpoint...
   Ô£à User profile retrieved successfully
      User ID: 68710ba58b852ad909b8fd7a
      English Level: beginner
      Total Quizzes: 0
      Average Score: 0.0
   Ô£à Profile has all required fields

­ƒº¬ Testing Quiz Difficulty Levels...
   Testing beginner level...
      Ô£à beginner quiz generated (4/4 questions match level)
   Testing intermediate level...
      Ô£à intermediate quiz generated (4/4 questions match level)
   Testing advanced level...
      Ô£à advanced quiz generated (4/4 questions match level)

­ƒº╣ Cleaning up test user...
   Ô£à Test user cleaned up successfully

­ƒôè Quiz Generation Test Results: 6/6 tests passed
­ƒÄë All quiz generation tests passed!

Ô£à PASSED - Quiz Generation (43.5s)

============================================================

­ƒôï Quiz Evaluation
   Scoring, progress tracking, level progression
------------------------------------------------------------
­ƒÜÇ Starting Quiz Evaluation Tests...

­ƒöº Setting up test user...
   Ô£à Test user created: eval_317
   Ô£à Test user logged in successfully
      Initial level: beginner
      Has completed first quiz: False

­ƒº¬ Testing First Quiz Completion Flag...
   Ô£à First quiz submitted successfully
      Score: 75%
      Total quizzes: 1
   Ô£à First quiz completion flag properly set

­ƒº¬ Testing Quiz Scoring Accuracy...
   Ô£à Score 100% calculated correctly
   Ô£à Score 75% calculated correctly
   Ô£à Score 50% calculated correctly
   Ô£à Score 25% calculated correctly
   Ô£à Score 0% calculated correctly

­ƒº¬ Testing Topic Performance Tracking...
   Ô£à Grammar performance tracked: 3/4
   Ô£à Vocabulary performance tracked: 3/4
   Ô£à Reading performance tracked: 3/4

­ƒº¬ Testing Level Progression Logic...
   Initial level: intermediate
   ­ƒôè Quiz 1: Score 85%, Level: intermediate
   Ô£à Level changed from intermediate to advanced after quiz 2
   Ô£à Level progression logic working correctly

­ƒº¬ Testing Average Score Calculation...
   Initial state: 11 quizzes, average: 67.3%
   Quiz 1: Score 60%, Running Average: 66.7%
   Quiz 2: Score 70%, Running Average: 66.9%
   Quiz 3: Score 80%, Running Average: 67.9%
   Quiz 4: Score 90%, Running Average: 69.3%
   Ô£à Average score calculated correctly: 69.3% (expected ~69.3%)

­ƒº¬ Testing Quiz Submission Validation...
   Ô£à Invalid quiz data properly rejected
   Ôä╣´©Å Score validation response: 200
   Ô£à Unauthenticated submission properly rejected

­ƒº╣ Cleaning up test user...
   Ô£à Test user cleaned up successfully

­ƒôè Quiz Evaluation Test Results: 6/6 tests passed
­ƒÄë All quiz evaluation tests passed!

Ô£à PASSED - Quiz Evaluation (0.1s)

============================================================

­ƒôï Chat Assistant
   AI chat functionality, teacher chat
------------------------------------------------------------
­ƒÜÇ Starting Chat Assistant Tests...

­ƒöº Setting up test user...
   Ô£à Test user created: chat_700
   Ô£à Test user logged in successfully

­ƒº¬ Testing Basic Chat Functionality...
   Ô£à Basic chat response received
      Response length: 610 characters
      Sample: Great to hear that you want to learn English. Let's start with some basic introductions. Say "Hello"...

­ƒº¬ Testing Teacher Chat Functionality...
   Testing Beginner grammar practice...
      Ô£à Teacher response received for beginner grammar
         Level: beginner, Focus: grammar
         Response length: 842 characters
   Testing Intermediate vocabulary help...
      Ô£à Teacher response received for intermediate vocabulary
         Level: intermediate, Focus: vocabulary
         Response length: 1088 characters
   Testing Advanced conversation practice...
      Ô£à Teacher response received for advanced conversation
         Level: advanced, Focus: conversation
         Response length: 769 characters

­ƒº¬ Testing Chat Conversation Flow...
   Testing conversation turn 1...
      Ô£à Turn 1 response received
   Testing conversation turn 2...
      Ô£à Turn 2 response received
   Testing conversation turn 3...
      Ô£à Turn 3 response received

­ƒº¬ Testing Chat Input Validation...
   Ô£à Empty conversation handled appropriately
   Ô£à Invalid request structure properly rejected
   Ô£à Long conversation handled appropriately

­ƒº¬ Testing Teacher Chat Validation...
   Ô£à Invalid user level handled appropriately
   Ô£à Invalid learning focus handled appropriately
   Ô£à Missing message properly rejected

­ƒº¬ Testing Chat Response Quality...
   Ô£à Good response for: What is the difference between...
   Ô£à Good response for: How do I use present perfect t...
   Ô£à Good response for: Can you explain irregular verb...

­ƒº╣ Cleaning up test user...
   Ô£à Test user cleaned up successfully

­ƒôè Chat Assistant Test Results: 6/6 tests passed
­ƒÄë All chat assistant tests passed!

Ô£à PASSED - Chat Assistant (17.3s)

============================================================

­ƒôï Performance Analytics
   User analytics, progress metrics
------------------------------------------------------------
­ƒÜÇ Starting Performance Analytics Tests...

­ƒöº Setting up test user with quiz history...
   Ô£à Test user created: perf_560
   Ô£à Test user logged in successfully
   ­ƒôè Generating quiz history...
      Ô£à Quiz 1: Grammar (85%)
      Ô£à Quiz 2: Vocabulary (70%)
      Ô£à Quiz 3: Grammar (90%)
      Ô£à Quiz 4: Reading (75%)
      Ô£à Quiz 5: Vocabulary (80%)
      Ô£à Quiz 6: Mixed (88%)
   Ô£à Quiz history generated successfully

­ƒº¬ Testing Basic User Performance Endpoint...
   Ô£à Basic performance data retrieved successfully
      Total Quizzes: 6
      Average Score: 81.33333333333333%
      English Level: intermediate

­ƒº¬ Testing Detailed User Performance Endpoint...
   Ô£à Detailed performance data retrieved successfully
      Topic Performance: 4 topics tracked
         Grammar: 87.5%
         Vocabulary: 75.0%
         Reading: 75.0%
         Mixed: 88.0%
      Level Progression: 4 entries

­ƒº¬ Testing Performance Metrics Calculation...
   ­ƒôè Current metrics:
      Total Quizzes: 6
      Average Score: 81.3%
   Ô£à Performance metrics are within valid ranges
   Ô£à Performance metrics consistent across endpoints

­ƒº¬ Testing Topic Performance Tracking...
   Ô£à Topic performance tracking working
      Topics tracked: ['Grammar', 'Vocabulary', 'Reading', 'Mixed']
         Grammar: 87.5% average
         Vocabulary: 75.0% average
         Reading: 75.0% average
         Mixed: 88.0% average

­ƒº¬ Testing Performance Endpoint Security...
   Ô£à /api/user-performance/ properly requires authentication
   Ô£à /api/user-performance-detailed/ properly requires authentication
   Ô£à /api/user-performance/ properly rejects invalid token
   Ô£à /api/user-performance-detailed/ properly rejects invalid token

­ƒº¬ Testing Progress Data Consistency...
   ­ƒôè Quiz count comparison:
      Profile: 6
      Performance: 6
      Detailed history: 0
   Ô£à Quiz counts are consistent
   Ô£à Average scores are consistent

­ƒº╣ Cleaning up test user...
   Ô£à Test user cleaned up successfully

­ƒôè Performance Analytics Test Results: 6/6 tests passed
­ƒÄë All performance analytics tests passed!

Ô£à PASSED - Performance Analytics (0.1s)

============================================================

­ƒôï Question Assistant
   Q&A functionality, recommendations
------------------------------------------------------------
­ƒÜÇ Starting Question Assistant Tests...

­ƒöº Setting up test user...
   Ô£à Test user created: qa_211
   Ô£à Test user logged in successfully

­ƒº¬ Testing Question Assistant Basic Functionality...
   Testing Grammar question...
      Ô£à Grammar question answered successfully
         Answer length: 87 characters
   Testing Tense question...
      Ô£à Tense question answered successfully
         Answer length: 79 characters
   Testing Vocabulary question...
      Ô£à Vocabulary question answered successfully
         Answer length: 90 characters

­ƒº¬ Testing Question Assistant Validation...
   Ô£à Missing question properly rejected
   Ô£à Missing context properly rejected
   Ô£à Empty question properly rejected
   Ô£à Long question handled appropriately

­ƒº¬ Testing Question-Answer Persistence...
   Ô£à Question submitted and answered
   Ô£à Question and answer properly returned
      Question: What is the past tense of 'go'?
      Answer length: 87 characters

­ƒº╣ Cleaning up test user...
   Ô£à Test user cleaned up successfully

­ƒôè Question Assistant Test Results: 3/3 tests passed
­ƒÄë All Q&A tests passed!

Ô£à PASSED - Question Assistant (0.2s)

============================================================

­ƒôï First Quiz Flag
   First quiz completion tracking
------------------------------------------------------------
­ƒÜÇ Testing first quiz completion logic...

­ƒº¬ Testing first quiz completion flag...

1. Testing NEW USER (should see 'Take Your First Quiz'):
   Registration: 200
   Ô£à Sign in successful
   has_completed_first_quiz: False
   Ô£à CORRECT: New user should see 'Take Your First Quiz'

2. Simulating first quiz completion...
   Ô£à Quiz generated successfully
   Ô£à Quiz submitted successfully

3. Testing RETURNING USER (should see 'Take Adaptive Quiz'):
   Ô£à Sign in successful
   has_completed_first_quiz: True
   Ô£à SUCCESS: Returning user correctly shows completed first quiz!

­ƒÄë TEST PASSED!

Ô£à PASSED - First Quiz Flag (5.2s)

============================================================

­ƒôï Reading Comprehension
   Reading quiz functionality
------------------------------------------------------------
­ƒÜÇ Testing Reading comprehension passage feature...

­ƒº¬ Testing Reading comprehension feature...

­ƒôÜ Generating Reading comprehension quiz...
Ô£à Generated 4 questions

­ƒôû Question 1:
   Topic: Reading
   Ô£à Has passage (397 characters)
   Passage preview: Sam lives near a big park. Every day, he goes to the park and plays football with his friends. Sam a...
   Question: What does Sam do every day?...

­ƒôû Question 2:
   Topic: Reading
   Ô£à Has passage (397 characters)
   Passage preview: Sam lives near a big park. Every day, he goes to the park and plays football with his friends. Sam a...
   Question: What kind of animal is Max?...

­ƒôû Question 3:
   Topic: Reading
   Ô£à Has passage (397 characters)
   Passage preview: Sam lives near a big park. Every day, he goes to the park and plays football with his friends. Sam a...
   Question: Why does Sam give Max food?...

­ƒôû Question 4:
   Topic: Reading
   Ô£à Has passage (397 characters)
   Passage preview: Sam lives near a big park. Every day, he goes to the park and plays football with his friends. Sam a...
   Question: Where do Sam and his friends eat their sandwiches?...

­ƒÄë SUCCESS: Reading questions include comprehension passages!

­ƒº¬ Testing that other topics don't include passages...

­ƒôØ Generating Grammar quiz...
Ô£à Generated 4 Grammar questions
   Ô£à Grammar question 1 correctly has no passage
   Ô£à Grammar question 2 correctly has no passage
   Ô£à Grammar question 3 correctly has no passage
   Ô£à Grammar question 4 correctly has no passage
­ƒÄë SUCCESS: Grammar questions correctly don't include passages!

­ƒÄë ALL TESTS PASSED!

Ô£à PASSED - Reading Comprehension (13.4s)

============================================================

­ƒôè COMPREHENSIVE TEST RESULTS
============================================================
Total Test Suites: 8
Passed: 8
Failed: 0
Success Rate: 100.0%
Total Duration: 94.6 seconds

­ƒôï DETAILED RESULTS:
------------------------------------------------------------
Ô£à Authentication System (14.7s)
Ô£à Quiz Generation (43.5s)
Ô£à Quiz Evaluation (0.1s)
Ô£à Chat Assistant (17.3s)
Ô£à Performance Analytics (0.1s)
Ô£à Question Assistant (0.2s)
Ô£à First Quiz Flag (5.2s)
Ô£à Reading Comprehension (13.4s)

ÔÜí PERFORMANCE INSIGHTS:
   Slowest: Quiz Generation (43.5s)
   Fastest: Performance Analytics (0.1s)

­ƒÄë ALL TESTS PASSED!
   The AISE project is functioning correctly across all components.

============================================================
Test suite completed.
